
> web@0.1.0 build
> next build

   Γû▓ Next.js 15.1.0

   Creating an optimized production build ...
 Γ£ô Compiled successfully
   Linting and checking validity of types ...

./app/page.tsx
160:6  Warning: React Hook React.useCallback has a missing dependency: 'files'. Either include it or remove the dependency array.  react-hooks/exhaustive-deps

info  - Need to disable some ESLint rules? Learn more here: https://nextjs.org/docs/app/api-reference/config/eslint#disabling-rules
   Collecting page data ...
   Generating static pages (0/5) ...
   Generating static pages (1/5) 
   Generating static pages (2/5) 
   Generating static pages (3/5) 
 Γ£ô Generating static pages (5/5)
   Finalizing page optimization ...
   Collecting build traces ...

Route (app)                              Size     First Load JS
Γöî Γùï /                                    13.5 kB         119 kB
Γöö Γùï /_not-found                          981 B           106 kB
+ First Load JS shared by all            105 kB
  Γö£ chunks/855-a0c04822c5ffa3a8.js       50.5 kB
  Γö£ chunks/87c73c54-5ce74898cf042d36.js  52.9 kB
  Γöö other shared chunks (total)          1.95 kB


Γùï  (Static)  prerendered as static content

